[backblue.gif]
[fade.gif]
[index.html]
[carolinacon.org/slideshow.swf]
[carolinacon.org/images/m1_act.jpg]
[carolinacon.org/images/m2_act.jpg]
[carolinacon.org/images/m3_act.jpg]
[carolinacon.org/images/m4_act.jpg]
[carolinacon.org/images/m5_act.jpg]
[carolinacon.org/images/m6_act.jpg]
[carolinacon.org/images/cclogo_99.jpg]
[carolinacon.org/images/m1.jpg]
[carolinacon.org/images/m2.jpg]
[carolinacon.org/images/m3.jpg]
[carolinacon.org/images/m4.jpg]
[carolinacon.org/images/m5.jpg]
[carolinacon.org/images/m6.jpg]
[carolinacon.org/images/news_but.jpg]
[carolinacon.org/images/cfs_bucket.jpg]
[carolinacon.org/images/regnow_bucket.jpg]
[carolinacon.org/images/volunteer_bucket.jpg]
[carolinacon.org/images/past_con_bucket.jpg]
[carolinacon.org/images/mailing_list_bg.jpg]
[carolinacon.org/images/shwag_bucket.jpg]
[carolinacon.org/images_/testimonial_bucket.jpg]
[carolinacon.org/index.html]
[carolinacon.org/swfobject.js]
[carolinacon.org/rollover.js]
[carolinacon.org/index.php/index.html]
[carolinacon.org/images/handlogo_1.jpg]
[carolinacon.org/images/cclogo_01.jpg]
[carolinacon.org/images/About_Banner.jpg]
[carolinacon.org/index.php/about/index.html]
[carolinacon.org/images/Location_Banner.jpg]
[carolinacon.org/index.php/location/index.html]
[carolinacon.org/index.php/schedule/index.html]
[carolinacon.org/index-4.html]
[carolinacon.org/images/pictures.jpg]
[carolinacon.org/images/videos.jpg]
[carolinacon.org/index.php/gallery/index.html]
[carolinacon.org/images/Contact_Banner.jpg]
[carolinacon.org/ccform/captcha613c.jpg]
[carolinacon.org/index.php/contact_us/index.html]
[carolinacon.org/index.php/archives/index.html]
[carolinacon.org/index.php/call_for_speakers/index.html]
[carolinacon.org/index.php/pre_register/index.html]
[carolinacon.org/ccform/captcha970e.jpg]
[carolinacon.org/index.php/volunteer/index.html]
[carolinacon.org/index.php/PastCons/index.html]
[carolinacon.org/index.php/testimonials/index.html]
[carolinacon.org/index-7.html]
[carolinacon.org/index.php/index-4.html]
[carolinacon.org/index.php/index-7.html]
[carolinacon.org/index.php/about/index-4.html]
[carolinacon.org/speak.html]
[carolinacon.org/Contact/index.html]
[carolinacon.org/index.php/about/index-7.html]
[carolinacon.org/index.php/location/index-4.html]
[carolinacon.org/cc08travel.html]
[carolinacon.org/index.php/location/index-7.html]
[carolinacon.org/index.php/schedule/index-4.html]
[carolinacon.org/index.php/schedule/index-7.html]
[carolinacon.org/index.php/gallery/index-4.html]
[carolinacon.org/index.php/gallery/pictures/index.html]
[carolinacon.org/images_/CC05_vid.jpg]
[carolinacon.org/images/CC06_vid.jpg]
[carolinacon.org/images/CC07_vid.jpg]
[carolinacon.org/index.php/videos/index.html]
[carolinacon.org/index.php/gallery/index-7.html]
[carolinacon.org/index.php/contact_us/index-4.html]
[carolinacon.org/ccform/js/view.js]
[carolinacon.org/index.php/contact_us/index-7.html]
[carolinacon.org/ccform/captchacea6.jpg]
[carolinacon.org/index.php/archives/index-4.html]
[carolinacon.org/index.php/archives/index-7.html]
[carolinacon.org/index.php/call_for_speakers/index-4.html]
[carolinacon.org/index.php/call_for_speakers/index-7.html]
[carolinacon.org/index.php/pre_register/index-4.html]
[carolinacon.org/index.php/pre_register/index-7.html]
[carolinacon.org/index.php/volunteer/index-4.html]
[carolinacon.org/index.php/volunteer/index-7.html]
[carolinacon.org/index.php/PastCons/index-4.html]
[carolinacon.org/index.php/PastCons/index-7.html]
[carolinacon.org/index.php/testimonials/index-4.html]
[carolinacon.org/index.php/testimonials/index-7.html]
[carolinacon.org/Contact/index-4.html]
[carolinacon.org/Contact/index-7.html]
[carolinacon.org/index.php/videos/index-4.html]
[carolinacon.org/ccform/captcha2a27.jpg]
[carolinacon.org/images/Cyberspy_talk.jpg]
[carolinacon.org/images/Opening_Day_Two_and_Survey.jpg]
[carolinacon.org/images/DNS.jpg]
[carolinacon.org/images/Arp_Spoofing.jpg]
[carolinacon.org/images/Gender_in_Hacking.jpg]
[carolinacon.org/images/College_Of_Hacking.jpg]
[carolinacon.org/images/Reverse_Engineering.jpg]
[carolinacon.org/images/Robot.jpg]
[carolinacon.org/images/HackNano.jpg]
[carolinacon.org/index.php/videos/2006/index.html]
[carolinacon.org/index.php/videos/index-7.html]
[carolinacon.org/index.php/videos/2006/index-4.html]
[carolinacon.org/player.swf]
[carolinacon.org/index.php/presentations/from_here_to_e-ternity_chronology_of_the_phrack_microcosm/index.html]
[carolinacon.org/index.php/presentations/dns_weaknesses_no_resolution/index.html]
[carolinacon.org/index.php/presentations/arp_spoofing_101/index.html]
[carolinacon.org/index.php/presentations/gender_issues_in_hacking_and_hacking_culture/index.html]
[carolinacon.org/index.php/presentations/college_of_hacking_successful_network_penetration_for_dummies/index.html]
[carolinacon.org/index.php/presentations/reverse_engineering/index.html]
[carolinacon.org/index.php/presentations/how_to_build_a_competitive_robot_in_6_weeks_or_less/index.html]
[carolinacon.org/index.php/videos/2006/index-7.html]
[carolinacon.org/index.php/presentations/from_here_to_e-ternity_chronology_of_the_phrack_microcosm/index-4.html]
[carolinacon.org/index.php/presentations/from_here_to_e-ternity_chronology_of_the_phrack_microcosm/expressInstall.html]
[carolinacon.org/index.php/presentations/from_here_to_e-ternity_chronology_of_the_phrack_microcosm/index-7.html]
[carolinacon.org/index.php/presentations/dns_weaknesses_no_resolution/index-4.html]
[carolinacon.org/index.php/presentations/dns_weaknesses_no_resolution/expressInstall.html]
[carolinacon.org/index.php/presentations/dns_weaknesses_no_resolution/index-7.html]
[carolinacon.org/index.php/presentations/arp_spoofing_101/index-4.html]
[carolinacon.org/index.php/presentations/arp_spoofing_101/expressInstall.html]
[carolinacon.org/index.php/presentations/arp_spoofing_101/index-7.html]
[carolinacon.org/index.php/presentations/gender_issues_in_hacking_and_hacking_culture/index-4.html]
[carolinacon.org/index.php/presentations/gender_issues_in_hacking_and_hacking_culture/expressInstall.html]
[carolinacon.org/index.php/presentations/gender_issues_in_hacking_and_hacking_culture/index-7.html]
[carolinacon.org/index.php/presentations/college_of_hacking_successful_network_penetration_for_dummies/index-4.html]
[carolinacon.org/index.php/presentations/college_of_hacking_successful_network_penetration_for_dummies/expressInstall.html]
[carolinacon.org/index.php/presentations/college_of_hacking_successful_network_penetration_for_dummies/index-7.html]
[carolinacon.org/index.php/presentations/reverse_engineering/index-4.html]
[carolinacon.org/index.php/presentations/reverse_engineering/expressInstall.html]
[carolinacon.org/index.php/presentations/reverse_engineering/index-7.html]
[carolinacon.org/index.php/presentations/how_to_build_a_competitive_robot_in_6_weeks_or_less/index-4.html]
[carolinacon.org/index.php/presentations/how_to_build_a_competitive_robot_in_6_weeks_or_less/expressInstall.html]
[carolinacon.org/index.php/presentations/how_to_build_a_competitive_robot_in_6_weeks_or_less/index-7.html]
